I'm sorry, but errors were detected in your script. Please correct the
errors listed below, and try again.


File "game/screens.rpy", line 89: 'at_list' is not a keyword argument or valid child of the frame statement.
    at_list [vocab_tooltip_appear]
           ^

Ren'Py Version: Ren'Py 8.3.7.25031702
Wed Aug 27 20:31:50 2025
